[0.067s] DEBUG:colcon:Command line arguments: ['/usr/bin/colcon', 'build', '--packages-select', 'motor_health_monitor']
[0.067s] DEBUG:colcon:Parsed command line arguments: Namespace(log_base=None, log_level=None, verb_name='build', build_base='build', install_base='install', merge_install=False, symlink_install=False, test_result_base=None, continue_on_error=False, executor='parallel', parallel_workers=28, event_handlers=None, ignore_user_meta=False, metas=['./colcon.meta'], base_paths=['.'], packages_ignore=None, packages_ignore_regex=None, paths=None, packages_up_to=None, packages_up_to_regex=None, packages_above=None, packages_above_and_dependencies=None, packages_above_depth=None, packages_select_by_dep=None, packages_skip_by_dep=None, packages_skip_up_to=None, packages_select_build_failed=False, packages_skip_build_finished=False, packages_select_test_failures=False, packages_skip_test_passed=False, packages_select=['motor_health_monitor'], packages_skip=None, packages_select_regex=None, packages_skip_regex=None, packages_start=None, packages_end=None, allow_overriding=[], cmake_args=None, cmake_target=None, cmake_target_skip_unavailable=False, cmake_clean_cache=False, cmake_clean_first=False, cmake_force_configure=False, ament_cmake_args=None, catkin_cmake_args=None, catkin_skip_building_tests=False, mixin_files=None, mixin=None, verb_parser=<colcon_mixin.mixin.mixin_argument.MixinArgumentDecorator object at 0x73a77d393230>, verb_extension=<colcon_core.verb.build.BuildVerb object at 0x73a77d4bf140>, main=<bound method BuildVerb.main of <colcon_core.verb.build.BuildVerb object at 0x73a77d4bf140>>, mixin_verb=('build',))
[0.092s] Level 1:colcon.colcon_core.package_discovery:discover_packages(colcon_meta) check parameters
[0.092s] Level 1:colcon.colcon_core.package_discovery:discover_packages(recursive) check parameters
[0.092s] Level 1:colcon.colcon_core.package_discovery:discover_packages(ignore) check parameters
[0.092s] Level 1:colcon.colcon_core.package_discovery:discover_packages(path) check parameters
[0.092s] Level 1:colcon.colcon_core.package_discovery:discover_packages(colcon_meta) discover
[0.092s] Level 1:colcon.colcon_core.package_discovery:discover_packages(recursive) discover
[0.092s] INFO:colcon.colcon_core.package_discovery:Crawling recursively for packages in '/home/sogu/Personal/motor_health_monitor'
[0.092s] Level 1:colcon.colcon_core.package_identification:_identify(.) by extensions ['ignore', 'ignore_ament_install']
[0.092s] Level 1:colcon.colcon_core.package_identification:_identify(.) by extension 'ignore'
[0.092s] Level 1:colcon.colcon_core.package_identification:_identify(.) by extension 'ignore_ament_install'
[0.092s] Level 1:colcon.colcon_core.package_identification:_identify(.) by extensions ['colcon_pkg']
[0.092s] Level 1:colcon.colcon_core.package_identification:_identify(.) by extension 'colcon_pkg'
[0.092s] Level 1:colcon.colcon_core.package_identification:_identify(.) by extensions ['colcon_meta']
[0.092s] Level 1:colcon.colcon_core.package_identification:_identify(.) by extension 'colcon_meta'
[0.092s] Level 1:colcon.colcon_core.package_identification:_identify(.) by extensions ['ros']
[0.092s] Level 1:colcon.colcon_core.package_identification:_identify(.) by extension 'ros'
[0.111s] DEBUG:colcon.colcon_core.package_identification:Package '.' with type 'ros.catkin' and name 'motor_health_monitor'
[0.112s] Level 1:colcon.colcon_core.package_discovery:discover_packages(recursive) using defaults
[0.112s] Level 1:colcon.colcon_core.package_discovery:discover_packages(ignore) discover
[0.112s] Level 1:colcon.colcon_core.package_discovery:discover_packages(ignore) using defaults
[0.112s] Level 1:colcon.colcon_core.package_discovery:discover_packages(path) discover
[0.112s] Level 1:colcon.colcon_core.package_discovery:discover_packages(path) using defaults
[0.123s] Level 1:colcon.colcon_core.package_discovery:discover_packages(prefix_path) check parameters
[0.123s] Level 1:colcon.colcon_core.package_discovery:discover_packages(prefix_path) discover
[0.125s] DEBUG:colcon.colcon_installed_package_information.package_discovery:Found 300 installed packages in /opt/ros/jazzy
[0.126s] Level 1:colcon.colcon_core.package_discovery:discover_packages(prefix_path) using defaults
[0.149s] Level 5:colcon.colcon_core.verb:set package 'motor_health_monitor' build argument 'cmake_args' from command line to 'None'
[0.149s] Level 5:colcon.colcon_core.verb:set package 'motor_health_monitor' build argument 'cmake_target' from command line to 'None'
[0.149s] Level 5:colcon.colcon_core.verb:set package 'motor_health_monitor' build argument 'cmake_target_skip_unavailable' from command line to 'False'
[0.149s] Level 5:colcon.colcon_core.verb:set package 'motor_health_monitor' build argument 'cmake_clean_cache' from command line to 'False'
[0.149s] Level 5:colcon.colcon_core.verb:set package 'motor_health_monitor' build argument 'cmake_clean_first' from command line to 'False'
[0.149s] Level 5:colcon.colcon_core.verb:set package 'motor_health_monitor' build argument 'cmake_force_configure' from command line to 'False'
[0.149s] Level 5:colcon.colcon_core.verb:set package 'motor_health_monitor' build argument 'ament_cmake_args' from command line to 'None'
[0.149s] Level 5:colcon.colcon_core.verb:set package 'motor_health_monitor' build argument 'catkin_cmake_args' from command line to 'None'
[0.149s] Level 5:colcon.colcon_core.verb:set package 'motor_health_monitor' build argument 'catkin_skip_building_tests' from command line to 'False'
[0.149s] DEBUG:colcon.colcon_core.verb:Building package 'motor_health_monitor' with the following arguments: {'ament_cmake_args': None, 'build_base': '/home/sogu/Personal/motor_health_monitor/build/motor_health_monitor', 'catkin_cmake_args': None, 'catkin_skip_building_tests': False, 'cmake_args': None, 'cmake_clean_cache': False, 'cmake_clean_first': False, 'cmake_force_configure': False, 'cmake_target': None, 'cmake_target_skip_unavailable': False, 'install_base': '/home/sogu/Personal/motor_health_monitor/install/motor_health_monitor', 'merge_install': False, 'path': '/home/sogu/Personal/motor_health_monitor', 'symlink_install': False, 'test_result_base': None}
[0.149s] INFO:colcon.colcon_core.executor:Executing jobs using 'parallel' executor
[0.150s] DEBUG:colcon.colcon_parallel_executor.executor.parallel:run_until_complete
[0.150s] INFO:colcon.colcon_ros.task.catkin.build:Building ROS package in '/home/sogu/Personal/motor_health_monitor' with build type 'catkin'
[0.150s] INFO:colcon.colcon_cmake.task.cmake.build:Building CMake package in '/home/sogu/Personal/motor_health_monitor'
[0.151s] INFO:colcon.colcon_core.plugin_system:Skipping extension 'colcon_core.shell.bat': Not used on non-Windows systems
[0.151s] INFO:colcon.colcon_core.shell:Skip shell extension 'powershell' for command environment: Not usable outside of PowerShell
[0.151s] DEBUG:colcon.colcon_core.shell:Skip shell extension 'dsv' for command environment
[0.157s] DEBUG:colcon.colcon_core.event_handler.log_command:Invoking command in '/home/sogu/Personal/motor_health_monitor/build/motor_health_monitor': DEBUGINFOD_URLS=https://debuginfod.ubuntu.com /usr/bin/cmake --build /home/sogu/Personal/motor_health_monitor/build/motor_health_monitor -- -j28 -l28
[8.707s] DEBUG:colcon.colcon_core.event_handler.log_command:Invoked command in '/home/sogu/Personal/motor_health_monitor/build/motor_health_monitor' returned '0': DEBUGINFOD_URLS=https://debuginfod.ubuntu.com /usr/bin/cmake --build /home/sogu/Personal/motor_health_monitor/build/motor_health_monitor -- -j28 -l28
[8.717s] DEBUG:colcon.colcon_core.event_handler.log_command:Invoking command in '/home/sogu/Personal/motor_health_monitor/build/motor_health_monitor': DEBUGINFOD_URLS=https://debuginfod.ubuntu.com /usr/bin/cmake --install /home/sogu/Personal/motor_health_monitor/build/motor_health_monitor
[8.735s] DEBUG:colcon.colcon_core.event_handler.log_command:Invoked command in '/home/sogu/Personal/motor_health_monitor/build/motor_health_monitor' returned '0': DEBUGINFOD_URLS=https://debuginfod.ubuntu.com /usr/bin/cmake --install /home/sogu/Personal/motor_health_monitor/build/motor_health_monitor
[8.736s] Level 1:colcon.colcon_core.shell:create_environment_hook('motor_health_monitor', 'ros_package_path')
[8.736s] INFO:colcon.colcon_core.shell:Creating environment hook '/home/sogu/Personal/motor_health_monitor/install/motor_health_monitor/share/motor_health_monitor/hook/ros_package_path.ps1'
[8.736s] INFO:colcon.colcon_core.shell:Creating environment descriptor '/home/sogu/Personal/motor_health_monitor/install/motor_health_monitor/share/motor_health_monitor/hook/ros_package_path.dsv'
[8.736s] INFO:colcon.colcon_core.shell:Creating environment hook '/home/sogu/Personal/motor_health_monitor/install/motor_health_monitor/share/motor_health_monitor/hook/ros_package_path.sh'
[8.737s] Level 1:colcon.colcon_core.shell:create_environment_hook('motor_health_monitor', 'pkg_config_path')
[8.737s] INFO:colcon.colcon_core.shell:Creating environment hook '/home/sogu/Personal/motor_health_monitor/install/motor_health_monitor/share/motor_health_monitor/hook/pkg_config_path.ps1'
[8.737s] INFO:colcon.colcon_core.shell:Creating environment descriptor '/home/sogu/Personal/motor_health_monitor/install/motor_health_monitor/share/motor_health_monitor/hook/pkg_config_path.dsv'
[8.737s] INFO:colcon.colcon_core.shell:Creating environment hook '/home/sogu/Personal/motor_health_monitor/install/motor_health_monitor/share/motor_health_monitor/hook/pkg_config_path.sh'
[8.739s] Level 1:colcon.colcon_core.shell:create_environment_hook('motor_health_monitor', 'pkg_config_path_multiarch')
[8.739s] INFO:colcon.colcon_core.shell:Creating environment hook '/home/sogu/Personal/motor_health_monitor/install/motor_health_monitor/share/motor_health_monitor/hook/pkg_config_path_multiarch.ps1'
[8.739s] INFO:colcon.colcon_core.shell:Creating environment descriptor '/home/sogu/Personal/motor_health_monitor/install/motor_health_monitor/share/motor_health_monitor/hook/pkg_config_path_multiarch.dsv'
[8.740s] INFO:colcon.colcon_core.shell:Creating environment hook '/home/sogu/Personal/motor_health_monitor/install/motor_health_monitor/share/motor_health_monitor/hook/pkg_config_path_multiarch.sh'
[8.741s] Level 1:colcon.colcon_core.environment:create_environment_scripts_only(motor_health_monitor)
[8.743s] Level 1:colcon.colcon_core.environment:checking '/home/sogu/Personal/motor_health_monitor/install/motor_health_monitor' for CMake module files
[8.743s] Level 1:colcon.colcon_core.environment:checking '/home/sogu/Personal/motor_health_monitor/install/motor_health_monitor' for CMake config files
[8.743s] Level 1:colcon.colcon_core.shell:create_environment_hook('motor_health_monitor', 'cmake_prefix_path')
[8.743s] INFO:colcon.colcon_core.shell:Creating environment hook '/home/sogu/Personal/motor_health_monitor/install/motor_health_monitor/share/motor_health_monitor/hook/cmake_prefix_path.ps1'
[8.744s] INFO:colcon.colcon_core.shell:Creating environment descriptor '/home/sogu/Personal/motor_health_monitor/install/motor_health_monitor/share/motor_health_monitor/hook/cmake_prefix_path.dsv'
[8.744s] INFO:colcon.colcon_core.shell:Creating environment hook '/home/sogu/Personal/motor_health_monitor/install/motor_health_monitor/share/motor_health_monitor/hook/cmake_prefix_path.sh'
[8.744s] Level 1:colcon.colcon_core.environment:checking '/home/sogu/Personal/motor_health_monitor/install/motor_health_monitor/lib'
[8.744s] Level 1:colcon.colcon_core.shell:create_environment_hook('motor_health_monitor', 'ld_library_path_lib')
[8.744s] INFO:colcon.colcon_core.shell:Creating environment hook '/home/sogu/Personal/motor_health_monitor/install/motor_health_monitor/share/motor_health_monitor/hook/ld_library_path_lib.ps1'
[8.745s] INFO:colcon.colcon_core.shell:Creating environment descriptor '/home/sogu/Personal/motor_health_monitor/install/motor_health_monitor/share/motor_health_monitor/hook/ld_library_path_lib.dsv'
[8.745s] INFO:colcon.colcon_core.shell:Creating environment hook '/home/sogu/Personal/motor_health_monitor/install/motor_health_monitor/share/motor_health_monitor/hook/ld_library_path_lib.sh'
[8.745s] Level 1:colcon.colcon_core.environment:checking '/home/sogu/Personal/motor_health_monitor/install/motor_health_monitor/bin'
[8.745s] Level 1:colcon.colcon_core.environment:checking '/home/sogu/Personal/motor_health_monitor/install/motor_health_monitor/lib/pkgconfig/motor_health_monitor.pc'
[8.745s] Level 1:colcon.colcon_core.environment:checking '/home/sogu/Personal/motor_health_monitor/install/motor_health_monitor/lib/python3.12/site-packages'
[8.745s] Level 1:colcon.colcon_core.environment:checking '/home/sogu/Personal/motor_health_monitor/install/motor_health_monitor/bin'
[8.746s] INFO:colcon.colcon_core.shell:Creating package script '/home/sogu/Personal/motor_health_monitor/install/motor_health_monitor/share/motor_health_monitor/package.ps1'
[8.746s] INFO:colcon.colcon_core.shell:Creating package descriptor '/home/sogu/Personal/motor_health_monitor/install/motor_health_monitor/share/motor_health_monitor/package.dsv'
[8.746s] INFO:colcon.colcon_core.shell:Creating package script '/home/sogu/Personal/motor_health_monitor/install/motor_health_monitor/share/motor_health_monitor/package.sh'
[8.747s] INFO:colcon.colcon_core.shell:Creating package script '/home/sogu/Personal/motor_health_monitor/install/motor_health_monitor/share/motor_health_monitor/package.bash'
[8.747s] INFO:colcon.colcon_core.shell:Creating package script '/home/sogu/Personal/motor_health_monitor/install/motor_health_monitor/share/motor_health_monitor/package.zsh'
[8.747s] Level 1:colcon.colcon_core.environment:create_file_with_runtime_dependencies(/home/sogu/Personal/motor_health_monitor/install/motor_health_monitor/share/colcon-core/packages/motor_health_monitor)
[8.748s] DEBUG:colcon.colcon_parallel_executor.executor.parallel:closing loop
[8.748s] DEBUG:colcon.colcon_parallel_executor.executor.parallel:loop closed
[8.748s] DEBUG:colcon.colcon_parallel_executor.executor.parallel:run_until_complete finished with '0'
[8.748s] DEBUG:colcon.colcon_core.event_reactor:joining thread
[8.751s] INFO:colcon.colcon_core.plugin_system:Skipping extension 'colcon_notification.desktop_notification.terminal_notifier': Not used on non-Darwin systems
[8.751s] INFO:colcon.colcon_core.plugin_system:Skipping extension 'colcon_notification.desktop_notification.win32': Not used on non-Windows systems
[8.751s] INFO:colcon.colcon_notification.desktop_notification:Sending desktop notification using 'notify2'
[8.764s] DEBUG:colcon.colcon_core.event_reactor:joined thread
[8.764s] INFO:colcon.colcon_core.shell:Creating prefix script '/home/sogu/Personal/motor_health_monitor/install/local_setup.ps1'
[8.764s] INFO:colcon.colcon_core.shell:Creating prefix util module '/home/sogu/Personal/motor_health_monitor/install/_local_setup_util_ps1.py'
[8.765s] INFO:colcon.colcon_core.shell:Creating prefix chain script '/home/sogu/Personal/motor_health_monitor/install/setup.ps1'
[8.765s] INFO:colcon.colcon_core.shell:Creating prefix script '/home/sogu/Personal/motor_health_monitor/install/local_setup.sh'
[8.765s] INFO:colcon.colcon_core.shell:Creating prefix util module '/home/sogu/Personal/motor_health_monitor/install/_local_setup_util_sh.py'
[8.766s] INFO:colcon.colcon_core.shell:Creating prefix chain script '/home/sogu/Personal/motor_health_monitor/install/setup.sh'
[8.766s] INFO:colcon.colcon_core.shell:Creating prefix script '/home/sogu/Personal/motor_health_monitor/install/local_setup.bash'
[8.767s] INFO:colcon.colcon_core.shell:Creating prefix chain script '/home/sogu/Personal/motor_health_monitor/install/setup.bash'
[8.767s] INFO:colcon.colcon_core.shell:Creating prefix script '/home/sogu/Personal/motor_health_monitor/install/local_setup.zsh'
[8.767s] INFO:colcon.colcon_core.shell:Creating prefix chain script '/home/sogu/Personal/motor_health_monitor/install/setup.zsh'
