[0.121s] DEBUG:colcon:Command line arguments: ['/usr/bin/colcon', 'build', '--cmake-args', '-DBUILD_TESTING=ON']
[0.121s] DEBUG:colcon:Parsed command line arguments: Namespace(log_base=None, log_level=None, verb_name='build', build_base='build', install_base='install', merge_install=False, symlink_install=False, test_result_base=None, continue_on_error=False, executor='parallel', parallel_workers=28, event_handlers=None, ignore_user_meta=False, metas=['./colcon.meta'], base_paths=['.'], packages_ignore=None, packages_ignore_regex=None, paths=None, packages_up_to=None, packages_up_to_regex=None, packages_above=None, packages_above_and_dependencies=None, packages_above_depth=None, packages_select_by_dep=None, packages_skip_by_dep=None, packages_skip_up_to=None, packages_select_build_failed=False, packages_skip_build_finished=False, packages_select_test_failures=False, packages_skip_test_passed=False, packages_select=None, packages_skip=None, packages_select_regex=None, packages_skip_regex=None, packages_start=None, packages_end=None, allow_overriding=[], cmake_args=['-DBUILD_TESTING=ON'], cmake_target=None, cmake_target_skip_unavailable=False, cmake_clean_cache=False, cmake_clean_first=False, cmake_force_configure=False, ament_cmake_args=None, catkin_cmake_args=None, catkin_skip_building_tests=False, mixin_files=None, mixin=None, verb_parser=<colcon_mixin.mixin.mixin_argument.MixinArgumentDecorator object at 0x7209d903f320>, verb_extension=<colcon_core.verb.build.BuildVerb object at 0x7209d91c3950>, main=<bound method BuildVerb.main of <colcon_core.verb.build.BuildVerb object at 0x7209d91c3950>>, mixin_verb=('build',))
[0.165s] Level 1:colcon.colcon_core.package_discovery:discover_packages(colcon_meta) check parameters
[0.165s] Level 1:colcon.colcon_core.package_discovery:discover_packages(recursive) check parameters
[0.165s] Level 1:colcon.colcon_core.package_discovery:discover_packages(ignore) check parameters
[0.165s] Level 1:colcon.colcon_core.package_discovery:discover_packages(path) check parameters
[0.165s] Level 1:colcon.colcon_core.package_discovery:discover_packages(colcon_meta) discover
[0.165s] Level 1:colcon.colcon_core.package_discovery:discover_packages(recursive) discover
[0.165s] INFO:colcon.colcon_core.package_discovery:Crawling recursively for packages in '/home/sogu/Personal/motor_health_monitor'
[0.165s] Level 1:colcon.colcon_core.package_identification:_identify(.) by extensions ['ignore', 'ignore_ament_install']
[0.165s] Level 1:colcon.colcon_core.package_identification:_identify(.) by extension 'ignore'
[0.165s] Level 1:colcon.colcon_core.package_identification:_identify(.) by extension 'ignore_ament_install'
[0.165s] Level 1:colcon.colcon_core.package_identification:_identify(.) by extensions ['colcon_pkg']
[0.165s] Level 1:colcon.colcon_core.package_identification:_identify(.) by extension 'colcon_pkg'
[0.165s] Level 1:colcon.colcon_core.package_identification:_identify(.) by extensions ['colcon_meta']
[0.165s] Level 1:colcon.colcon_core.package_identification:_identify(.) by extension 'colcon_meta'
[0.166s] Level 1:colcon.colcon_core.package_identification:_identify(.) by extensions ['ros']
[0.166s] Level 1:colcon.colcon_core.package_identification:_identify(.) by extension 'ros'
[0.199s] DEBUG:colcon.colcon_core.package_identification:Package '.' with type 'ros.catkin' and name 'motor_health_monitor'
[0.199s] Level 1:colcon.colcon_core.package_discovery:discover_packages(recursive) using defaults
[0.199s] Level 1:colcon.colcon_core.package_discovery:discover_packages(ignore) discover
[0.199s] Level 1:colcon.colcon_core.package_discovery:discover_packages(ignore) using defaults
[0.199s] Level 1:colcon.colcon_core.package_discovery:discover_packages(path) discover
[0.199s] Level 1:colcon.colcon_core.package_discovery:discover_packages(path) using defaults
[0.219s] Level 1:colcon.colcon_core.package_discovery:discover_packages(prefix_path) check parameters
[0.219s] Level 1:colcon.colcon_core.package_discovery:discover_packages(prefix_path) discover
[0.222s] DEBUG:colcon.colcon_installed_package_information.package_discovery:Found 300 installed packages in /opt/ros/jazzy
[0.224s] Level 1:colcon.colcon_core.package_discovery:discover_packages(prefix_path) using defaults
[0.265s] Level 5:colcon.colcon_core.verb:set package 'motor_health_monitor' build argument 'cmake_args' from command line to '['-DBUILD_TESTING=ON']'
[0.265s] Level 5:colcon.colcon_core.verb:set package 'motor_health_monitor' build argument 'cmake_target' from command line to 'None'
[0.265s] Level 5:colcon.colcon_core.verb:set package 'motor_health_monitor' build argument 'cmake_target_skip_unavailable' from command line to 'False'
[0.265s] Level 5:colcon.colcon_core.verb:set package 'motor_health_monitor' build argument 'cmake_clean_cache' from command line to 'False'
[0.265s] Level 5:colcon.colcon_core.verb:set package 'motor_health_monitor' build argument 'cmake_clean_first' from command line to 'False'
[0.265s] Level 5:colcon.colcon_core.verb:set package 'motor_health_monitor' build argument 'cmake_force_configure' from command line to 'False'
[0.265s] Level 5:colcon.colcon_core.verb:set package 'motor_health_monitor' build argument 'ament_cmake_args' from command line to 'None'
[0.265s] Level 5:colcon.colcon_core.verb:set package 'motor_health_monitor' build argument 'catkin_cmake_args' from command line to 'None'
[0.265s] Level 5:colcon.colcon_core.verb:set package 'motor_health_monitor' build argument 'catkin_skip_building_tests' from command line to 'False'
[0.265s] DEBUG:colcon.colcon_core.verb:Building package 'motor_health_monitor' with the following arguments: {'ament_cmake_args': None, 'build_base': '/home/sogu/Personal/motor_health_monitor/build/motor_health_monitor', 'catkin_cmake_args': None, 'catkin_skip_building_tests': False, 'cmake_args': ['-DBUILD_TESTING=ON'], 'cmake_clean_cache': False, 'cmake_clean_first': False, 'cmake_force_configure': False, 'cmake_target': None, 'cmake_target_skip_unavailable': False, 'install_base': '/home/sogu/Personal/motor_health_monitor/install/motor_health_monitor', 'merge_install': False, 'path': '/home/sogu/Personal/motor_health_monitor', 'symlink_install': False, 'test_result_base': None}
[0.266s] INFO:colcon.colcon_core.executor:Executing jobs using 'parallel' executor
[0.267s] DEBUG:colcon.colcon_parallel_executor.executor.parallel:run_until_complete
[0.267s] INFO:colcon.colcon_ros.task.catkin.build:Building ROS package in '/home/sogu/Personal/motor_health_monitor' with build type 'catkin'
[0.267s] INFO:colcon.colcon_cmake.task.cmake.build:Building CMake package in '/home/sogu/Personal/motor_health_monitor'
[0.269s] INFO:colcon.colcon_core.plugin_system:Skipping extension 'colcon_core.shell.bat': Not used on non-Windows systems
[0.269s] INFO:colcon.colcon_core.shell:Skip shell extension 'powershell' for command environment: Not usable outside of PowerShell
[0.269s] DEBUG:colcon.colcon_core.shell:Skip shell extension 'dsv' for command environment
[0.277s] DEBUG:colcon.colcon_core.event_handler.log_command:Invoking command in '/home/sogu/Personal/motor_health_monitor/build/motor_health_monitor': DEBUGINFOD_URLS=https://debuginfod.ubuntu.com /usr/bin/cmake /home/sogu/Personal/motor_health_monitor -DBUILD_TESTING=ON -DCATKIN_INSTALL_INTO_PREFIX_ROOT=0 -DCMAKE_INSTALL_PREFIX=/home/sogu/Personal/motor_health_monitor/install/motor_health_monitor
[1.347s] DEBUG:colcon.colcon_core.event_handler.log_command:Invoked command in '/home/sogu/Personal/motor_health_monitor/build/motor_health_monitor' returned '0': DEBUGINFOD_URLS=https://debuginfod.ubuntu.com /usr/bin/cmake /home/sogu/Personal/motor_health_monitor -DBUILD_TESTING=ON -DCATKIN_INSTALL_INTO_PREFIX_ROOT=0 -DCMAKE_INSTALL_PREFIX=/home/sogu/Personal/motor_health_monitor/install/motor_health_monitor
[1.349s] DEBUG:colcon.colcon_core.event_handler.log_command:Invoking command in '/home/sogu/Personal/motor_health_monitor/build/motor_health_monitor': DEBUGINFOD_URLS=https://debuginfod.ubuntu.com /usr/bin/cmake --build /home/sogu/Personal/motor_health_monitor/build/motor_health_monitor -- -j28 -l28
[5.900s] DEBUG:colcon.colcon_core.event_handler.log_command:Invoked command in '/home/sogu/Personal/motor_health_monitor/build/motor_health_monitor' returned '2': DEBUGINFOD_URLS=https://debuginfod.ubuntu.com /usr/bin/cmake --build /home/sogu/Personal/motor_health_monitor/build/motor_health_monitor -- -j28 -l28
[5.900s] Level 1:colcon.colcon_core.shell:create_environment_hook('motor_health_monitor', 'ros_package_path')
[5.900s] INFO:colcon.colcon_core.shell:Creating environment hook '/home/sogu/Personal/motor_health_monitor/install/motor_health_monitor/share/motor_health_monitor/hook/ros_package_path.ps1'
[5.901s] INFO:colcon.colcon_core.shell:Creating environment descriptor '/home/sogu/Personal/motor_health_monitor/install/motor_health_monitor/share/motor_health_monitor/hook/ros_package_path.dsv'
[5.901s] INFO:colcon.colcon_core.shell:Creating environment hook '/home/sogu/Personal/motor_health_monitor/install/motor_health_monitor/share/motor_health_monitor/hook/ros_package_path.sh'
[5.902s] Level 1:colcon.colcon_core.shell:create_environment_hook('motor_health_monitor', 'pkg_config_path')
[5.902s] INFO:colcon.colcon_core.shell:Creating environment hook '/home/sogu/Personal/motor_health_monitor/install/motor_health_monitor/share/motor_health_monitor/hook/pkg_config_path.ps1'
[5.903s] INFO:colcon.colcon_core.shell:Creating environment descriptor '/home/sogu/Personal/motor_health_monitor/install/motor_health_monitor/share/motor_health_monitor/hook/pkg_config_path.dsv'
[5.903s] INFO:colcon.colcon_core.shell:Creating environment hook '/home/sogu/Personal/motor_health_monitor/install/motor_health_monitor/share/motor_health_monitor/hook/pkg_config_path.sh'
[5.906s] Level 1:colcon.colcon_core.shell:create_environment_hook('motor_health_monitor', 'pkg_config_path_multiarch')
[5.906s] INFO:colcon.colcon_core.shell:Creating environment hook '/home/sogu/Personal/motor_health_monitor/install/motor_health_monitor/share/motor_health_monitor/hook/pkg_config_path_multiarch.ps1'
[5.907s] INFO:colcon.colcon_core.shell:Creating environment descriptor '/home/sogu/Personal/motor_health_monitor/install/motor_health_monitor/share/motor_health_monitor/hook/pkg_config_path_multiarch.dsv'
[5.907s] INFO:colcon.colcon_core.shell:Creating environment hook '/home/sogu/Personal/motor_health_monitor/install/motor_health_monitor/share/motor_health_monitor/hook/pkg_config_path_multiarch.sh'
[5.908s] Level 1:colcon.colcon_core.environment:create_environment_scripts_only(motor_health_monitor)
[5.910s] Level 1:colcon.colcon_core.environment:checking '/home/sogu/Personal/motor_health_monitor/install/motor_health_monitor' for CMake module files
[5.911s] Level 1:colcon.colcon_core.environment:checking '/home/sogu/Personal/motor_health_monitor/install/motor_health_monitor' for CMake config files
[5.911s] Level 1:colcon.colcon_core.environment:checking '/home/sogu/Personal/motor_health_monitor/install/motor_health_monitor/bin'
[5.911s] Level 1:colcon.colcon_core.environment:checking '/home/sogu/Personal/motor_health_monitor/install/motor_health_monitor/lib/pkgconfig/motor_health_monitor.pc'
[5.911s] Level 1:colcon.colcon_core.environment:checking '/home/sogu/Personal/motor_health_monitor/install/motor_health_monitor/lib/python3.12/site-packages'
[5.912s] Level 1:colcon.colcon_core.environment:checking '/home/sogu/Personal/motor_health_monitor/install/motor_health_monitor/bin'
[5.912s] INFO:colcon.colcon_core.shell:Creating package script '/home/sogu/Personal/motor_health_monitor/install/motor_health_monitor/share/motor_health_monitor/package.ps1'
[5.913s] INFO:colcon.colcon_core.shell:Creating package descriptor '/home/sogu/Personal/motor_health_monitor/install/motor_health_monitor/share/motor_health_monitor/package.dsv'
[5.913s] INFO:colcon.colcon_core.shell:Creating package script '/home/sogu/Personal/motor_health_monitor/install/motor_health_monitor/share/motor_health_monitor/package.sh'
[5.914s] INFO:colcon.colcon_core.shell:Creating package script '/home/sogu/Personal/motor_health_monitor/install/motor_health_monitor/share/motor_health_monitor/package.bash'
[5.914s] INFO:colcon.colcon_core.shell:Creating package script '/home/sogu/Personal/motor_health_monitor/install/motor_health_monitor/share/motor_health_monitor/package.zsh'
[5.915s] Level 1:colcon.colcon_core.environment:create_file_with_runtime_dependencies(/home/sogu/Personal/motor_health_monitor/install/motor_health_monitor/share/colcon-core/packages/motor_health_monitor)
[5.926s] DEBUG:colcon.colcon_parallel_executor.executor.parallel:closing loop
[5.926s] DEBUG:colcon.colcon_parallel_executor.executor.parallel:loop closed
[5.926s] DEBUG:colcon.colcon_parallel_executor.executor.parallel:run_until_complete finished with '2'
[5.926s] DEBUG:colcon.colcon_core.event_reactor:joining thread
[5.933s] INFO:colcon.colcon_core.plugin_system:Skipping extension 'colcon_notification.desktop_notification.terminal_notifier': Not used on non-Darwin systems
[5.933s] INFO:colcon.colcon_core.plugin_system:Skipping extension 'colcon_notification.desktop_notification.win32': Not used on non-Windows systems
[5.934s] INFO:colcon.colcon_notification.desktop_notification:Sending desktop notification using 'notify2'
[5.962s] DEBUG:colcon.colcon_core.event_reactor:joined thread
[5.962s] INFO:colcon.colcon_core.shell:Creating prefix script '/home/sogu/Personal/motor_health_monitor/install/local_setup.ps1'
[5.963s] INFO:colcon.colcon_core.shell:Creating prefix util module '/home/sogu/Personal/motor_health_monitor/install/_local_setup_util_ps1.py'
[5.965s] INFO:colcon.colcon_core.shell:Creating prefix chain script '/home/sogu/Personal/motor_health_monitor/install/setup.ps1'
[5.966s] INFO:colcon.colcon_core.shell:Creating prefix script '/home/sogu/Personal/motor_health_monitor/install/local_setup.sh'
[5.967s] INFO:colcon.colcon_core.shell:Creating prefix util module '/home/sogu/Personal/motor_health_monitor/install/_local_setup_util_sh.py'
[5.967s] INFO:colcon.colcon_core.shell:Creating prefix chain script '/home/sogu/Personal/motor_health_monitor/install/setup.sh'
[5.968s] INFO:colcon.colcon_core.shell:Creating prefix script '/home/sogu/Personal/motor_health_monitor/install/local_setup.bash'
[5.969s] INFO:colcon.colcon_core.shell:Creating prefix chain script '/home/sogu/Personal/motor_health_monitor/install/setup.bash'
[5.970s] INFO:colcon.colcon_core.shell:Creating prefix script '/home/sogu/Personal/motor_health_monitor/install/local_setup.zsh'
[5.970s] INFO:colcon.colcon_core.shell:Creating prefix chain script '/home/sogu/Personal/motor_health_monitor/install/setup.zsh'
