[0.117s] DEBUG:colcon:Command line arguments: ['/usr/bin/colcon', 'build']
[0.117s] DEBUG:colcon:Parsed command line arguments: Namespace(log_base=None, log_level=None, verb_name='build', build_base='build', install_base='install', merge_install=False, symlink_install=False, test_result_base=None, continue_on_error=False, executor='parallel', parallel_workers=28, event_handlers=None, ignore_user_meta=False, metas=['./colcon.meta'], base_paths=['.'], packages_ignore=None, packages_ignore_regex=None, paths=None, packages_up_to=None, packages_up_to_regex=None, packages_above=None, packages_above_and_dependencies=None, packages_above_depth=None, packages_select_by_dep=None, packages_skip_by_dep=None, packages_skip_up_to=None, packages_select_build_failed=False, packages_skip_build_finished=False, packages_select_test_failures=False, packages_skip_test_passed=False, packages_select=None, packages_skip=None, packages_select_regex=None, packages_skip_regex=None, packages_start=None, packages_end=None, allow_overriding=[], cmake_args=None, cmake_target=None, cmake_target_skip_unavailable=False, cmake_clean_cache=False, cmake_clean_first=False, cmake_force_configure=False, ament_cmake_args=None, catkin_cmake_args=None, catkin_skip_building_tests=False, mixin_files=None, mixin=None, verb_parser=<colcon_mixin.mixin.mixin_argument.MixinArgumentDecorator object at 0x769dc703b440>, verb_extension=<colcon_core.verb.build.BuildVerb object at 0x769dc71bfc80>, main=<bound method BuildVerb.main of <colcon_core.verb.build.BuildVerb object at 0x769dc71bfc80>>, mixin_verb=('build',))
[0.159s] Level 1:colcon.colcon_core.package_discovery:discover_packages(colcon_meta) check parameters
[0.159s] Level 1:colcon.colcon_core.package_discovery:discover_packages(recursive) check parameters
[0.160s] Level 1:colcon.colcon_core.package_discovery:discover_packages(ignore) check parameters
[0.160s] Level 1:colcon.colcon_core.package_discovery:discover_packages(path) check parameters
[0.160s] Level 1:colcon.colcon_core.package_discovery:discover_packages(colcon_meta) discover
[0.160s] Level 1:colcon.colcon_core.package_discovery:discover_packages(recursive) discover
[0.160s] INFO:colcon.colcon_core.package_discovery:Crawling recursively for packages in '/home/sogu/Personal/motor_health_monitor'
[0.160s] Level 1:colcon.colcon_core.package_identification:_identify(.) by extensions ['ignore', 'ignore_ament_install']
[0.160s] Level 1:colcon.colcon_core.package_identification:_identify(.) by extension 'ignore'
[0.160s] Level 1:colcon.colcon_core.package_identification:_identify(.) by extension 'ignore_ament_install'
[0.160s] Level 1:colcon.colcon_core.package_identification:_identify(.) by extensions ['colcon_pkg']
[0.160s] Level 1:colcon.colcon_core.package_identification:_identify(.) by extension 'colcon_pkg'
[0.160s] Level 1:colcon.colcon_core.package_identification:_identify(.) by extensions ['colcon_meta']
[0.160s] Level 1:colcon.colcon_core.package_identification:_identify(.) by extension 'colcon_meta'
[0.160s] Level 1:colcon.colcon_core.package_identification:_identify(.) by extensions ['ros']
[0.160s] Level 1:colcon.colcon_core.package_identification:_identify(.) by extension 'ros'
[0.194s] DEBUG:colcon.colcon_core.package_identification:Package '.' with type 'ros.catkin' and name 'motor_health_monitor'
[0.194s] Level 1:colcon.colcon_core.package_discovery:discover_packages(recursive) using defaults
[0.194s] Level 1:colcon.colcon_core.package_discovery:discover_packages(ignore) discover
[0.194s] Level 1:colcon.colcon_core.package_discovery:discover_packages(ignore) using defaults
[0.194s] Level 1:colcon.colcon_core.package_discovery:discover_packages(path) discover
[0.194s] Level 1:colcon.colcon_core.package_discovery:discover_packages(path) using defaults
[0.214s] Level 1:colcon.colcon_core.package_discovery:discover_packages(prefix_path) check parameters
[0.215s] Level 1:colcon.colcon_core.package_discovery:discover_packages(prefix_path) discover
[0.217s] DEBUG:colcon.colcon_installed_package_information.package_discovery:Found 300 installed packages in /opt/ros/jazzy
[0.219s] Level 1:colcon.colcon_core.package_discovery:discover_packages(prefix_path) using defaults
[0.260s] Level 5:colcon.colcon_core.verb:set package 'motor_health_monitor' build argument 'cmake_args' from command line to 'None'
[0.261s] Level 5:colcon.colcon_core.verb:set package 'motor_health_monitor' build argument 'cmake_target' from command line to 'None'
[0.261s] Level 5:colcon.colcon_core.verb:set package 'motor_health_monitor' build argument 'cmake_target_skip_unavailable' from command line to 'False'
[0.261s] Level 5:colcon.colcon_core.verb:set package 'motor_health_monitor' build argument 'cmake_clean_cache' from command line to 'False'
[0.261s] Level 5:colcon.colcon_core.verb:set package 'motor_health_monitor' build argument 'cmake_clean_first' from command line to 'False'
[0.261s] Level 5:colcon.colcon_core.verb:set package 'motor_health_monitor' build argument 'cmake_force_configure' from command line to 'False'
[0.261s] Level 5:colcon.colcon_core.verb:set package 'motor_health_monitor' build argument 'ament_cmake_args' from command line to 'None'
[0.261s] Level 5:colcon.colcon_core.verb:set package 'motor_health_monitor' build argument 'catkin_cmake_args' from command line to 'None'
[0.261s] Level 5:colcon.colcon_core.verb:set package 'motor_health_monitor' build argument 'catkin_skip_building_tests' from command line to 'False'
[0.261s] DEBUG:colcon.colcon_core.verb:Building package 'motor_health_monitor' with the following arguments: {'ament_cmake_args': None, 'build_base': '/home/sogu/Personal/motor_health_monitor/build/motor_health_monitor', 'catkin_cmake_args': None, 'catkin_skip_building_tests': False, 'cmake_args': None, 'cmake_clean_cache': False, 'cmake_clean_first': False, 'cmake_force_configure': False, 'cmake_target': None, 'cmake_target_skip_unavailable': False, 'install_base': '/home/sogu/Personal/motor_health_monitor/install/motor_health_monitor', 'merge_install': False, 'path': '/home/sogu/Personal/motor_health_monitor', 'symlink_install': False, 'test_result_base': None}
[0.261s] INFO:colcon.colcon_core.executor:Executing jobs using 'parallel' executor
[0.262s] DEBUG:colcon.colcon_parallel_executor.executor.parallel:run_until_complete
[0.262s] INFO:colcon.colcon_ros.task.catkin.build:Building ROS package in '/home/sogu/Personal/motor_health_monitor' with build type 'catkin'
[0.262s] INFO:colcon.colcon_cmake.task.cmake.build:Building CMake package in '/home/sogu/Personal/motor_health_monitor'
[0.264s] INFO:colcon.colcon_core.plugin_system:Skipping extension 'colcon_core.shell.bat': Not used on non-Windows systems
[0.264s] INFO:colcon.colcon_core.shell:Skip shell extension 'powershell' for command environment: Not usable outside of PowerShell
[0.264s] DEBUG:colcon.colcon_core.shell:Skip shell extension 'dsv' for command environment
[0.274s] DEBUG:colcon.colcon_core.event_handler.log_command:Invoking command in '/home/sogu/Personal/motor_health_monitor/build/motor_health_monitor': DEBUGINFOD_URLS=https://debuginfod.ubuntu.com /usr/bin/cmake --build /home/sogu/Personal/motor_health_monitor/build/motor_health_monitor -- -j28 -l28
[0.417s] DEBUG:colcon.colcon_core.event_handler.log_command:Invoked command in '/home/sogu/Personal/motor_health_monitor/build/motor_health_monitor' returned '0': DEBUGINFOD_URLS=https://debuginfod.ubuntu.com /usr/bin/cmake --build /home/sogu/Personal/motor_health_monitor/build/motor_health_monitor -- -j28 -l28
[0.433s] DEBUG:colcon.colcon_core.event_handler.log_command:Invoking command in '/home/sogu/Personal/motor_health_monitor/build/motor_health_monitor': DEBUGINFOD_URLS=https://debuginfod.ubuntu.com /usr/bin/cmake --install /home/sogu/Personal/motor_health_monitor/build/motor_health_monitor
[0.449s] DEBUG:colcon.colcon_core.event_handler.log_command:Invoked command in '/home/sogu/Personal/motor_health_monitor/build/motor_health_monitor' returned '0': DEBUGINFOD_URLS=https://debuginfod.ubuntu.com /usr/bin/cmake --install /home/sogu/Personal/motor_health_monitor/build/motor_health_monitor
[0.450s] Level 1:colcon.colcon_core.shell:create_environment_hook('motor_health_monitor', 'ros_package_path')
[0.450s] INFO:colcon.colcon_core.shell:Creating environment hook '/home/sogu/Personal/motor_health_monitor/install/motor_health_monitor/share/motor_health_monitor/hook/ros_package_path.ps1'
[0.451s] INFO:colcon.colcon_core.shell:Creating environment descriptor '/home/sogu/Personal/motor_health_monitor/install/motor_health_monitor/share/motor_health_monitor/hook/ros_package_path.dsv'
[0.451s] INFO:colcon.colcon_core.shell:Creating environment hook '/home/sogu/Personal/motor_health_monitor/install/motor_health_monitor/share/motor_health_monitor/hook/ros_package_path.sh'
[0.452s] Level 1:colcon.colcon_core.shell:create_environment_hook('motor_health_monitor', 'pkg_config_path')
[0.453s] INFO:colcon.colcon_core.shell:Creating environment hook '/home/sogu/Personal/motor_health_monitor/install/motor_health_monitor/share/motor_health_monitor/hook/pkg_config_path.ps1'
[0.453s] INFO:colcon.colcon_core.shell:Creating environment descriptor '/home/sogu/Personal/motor_health_monitor/install/motor_health_monitor/share/motor_health_monitor/hook/pkg_config_path.dsv'
[0.454s] INFO:colcon.colcon_core.shell:Creating environment hook '/home/sogu/Personal/motor_health_monitor/install/motor_health_monitor/share/motor_health_monitor/hook/pkg_config_path.sh'
[0.457s] Level 1:colcon.colcon_core.shell:create_environment_hook('motor_health_monitor', 'pkg_config_path_multiarch')
[0.457s] INFO:colcon.colcon_core.shell:Creating environment hook '/home/sogu/Personal/motor_health_monitor/install/motor_health_monitor/share/motor_health_monitor/hook/pkg_config_path_multiarch.ps1'
[0.458s] INFO:colcon.colcon_core.shell:Creating environment descriptor '/home/sogu/Personal/motor_health_monitor/install/motor_health_monitor/share/motor_health_monitor/hook/pkg_config_path_multiarch.dsv'
[0.458s] INFO:colcon.colcon_core.shell:Creating environment hook '/home/sogu/Personal/motor_health_monitor/install/motor_health_monitor/share/motor_health_monitor/hook/pkg_config_path_multiarch.sh'
[0.460s] Level 1:colcon.colcon_core.environment:create_environment_scripts_only(motor_health_monitor)
[0.464s] Level 1:colcon.colcon_core.environment:checking '/home/sogu/Personal/motor_health_monitor/install/motor_health_monitor' for CMake module files
[0.464s] Level 1:colcon.colcon_core.environment:checking '/home/sogu/Personal/motor_health_monitor/install/motor_health_monitor' for CMake config files
[0.465s] Level 1:colcon.colcon_core.shell:create_environment_hook('motor_health_monitor', 'cmake_prefix_path')
[0.465s] INFO:colcon.colcon_core.shell:Creating environment hook '/home/sogu/Personal/motor_health_monitor/install/motor_health_monitor/share/motor_health_monitor/hook/cmake_prefix_path.ps1'
[0.466s] INFO:colcon.colcon_core.shell:Creating environment descriptor '/home/sogu/Personal/motor_health_monitor/install/motor_health_monitor/share/motor_health_monitor/hook/cmake_prefix_path.dsv'
[0.466s] INFO:colcon.colcon_core.shell:Creating environment hook '/home/sogu/Personal/motor_health_monitor/install/motor_health_monitor/share/motor_health_monitor/hook/cmake_prefix_path.sh'
[0.467s] Level 1:colcon.colcon_core.environment:checking '/home/sogu/Personal/motor_health_monitor/install/motor_health_monitor/lib'
[0.467s] Level 1:colcon.colcon_core.shell:create_environment_hook('motor_health_monitor', 'ld_library_path_lib')
[0.467s] INFO:colcon.colcon_core.shell:Creating environment hook '/home/sogu/Personal/motor_health_monitor/install/motor_health_monitor/share/motor_health_monitor/hook/ld_library_path_lib.ps1'
[0.468s] INFO:colcon.colcon_core.shell:Creating environment descriptor '/home/sogu/Personal/motor_health_monitor/install/motor_health_monitor/share/motor_health_monitor/hook/ld_library_path_lib.dsv'
[0.468s] INFO:colcon.colcon_core.shell:Creating environment hook '/home/sogu/Personal/motor_health_monitor/install/motor_health_monitor/share/motor_health_monitor/hook/ld_library_path_lib.sh'
[0.469s] Level 1:colcon.colcon_core.environment:checking '/home/sogu/Personal/motor_health_monitor/install/motor_health_monitor/bin'
[0.469s] Level 1:colcon.colcon_core.environment:checking '/home/sogu/Personal/motor_health_monitor/install/motor_health_monitor/lib/pkgconfig/motor_health_monitor.pc'
[0.469s] Level 1:colcon.colcon_core.environment:checking '/home/sogu/Personal/motor_health_monitor/install/motor_health_monitor/lib/python3.12/site-packages'
[0.470s] Level 1:colcon.colcon_core.environment:checking '/home/sogu/Personal/motor_health_monitor/install/motor_health_monitor/bin'
[0.470s] INFO:colcon.colcon_core.shell:Creating package script '/home/sogu/Personal/motor_health_monitor/install/motor_health_monitor/share/motor_health_monitor/package.ps1'
[0.471s] INFO:colcon.colcon_core.shell:Creating package descriptor '/home/sogu/Personal/motor_health_monitor/install/motor_health_monitor/share/motor_health_monitor/package.dsv'
[0.472s] INFO:colcon.colcon_core.shell:Creating package script '/home/sogu/Personal/motor_health_monitor/install/motor_health_monitor/share/motor_health_monitor/package.sh'
[0.473s] INFO:colcon.colcon_core.shell:Creating package script '/home/sogu/Personal/motor_health_monitor/install/motor_health_monitor/share/motor_health_monitor/package.bash'
[0.474s] INFO:colcon.colcon_core.shell:Creating package script '/home/sogu/Personal/motor_health_monitor/install/motor_health_monitor/share/motor_health_monitor/package.zsh'
[0.475s] Level 1:colcon.colcon_core.environment:create_file_with_runtime_dependencies(/home/sogu/Personal/motor_health_monitor/install/motor_health_monitor/share/colcon-core/packages/motor_health_monitor)
[0.475s] DEBUG:colcon.colcon_parallel_executor.executor.parallel:closing loop
[0.475s] DEBUG:colcon.colcon_parallel_executor.executor.parallel:loop closed
[0.476s] DEBUG:colcon.colcon_parallel_executor.executor.parallel:run_until_complete finished with '0'
[0.476s] DEBUG:colcon.colcon_core.event_reactor:joining thread
[0.482s] INFO:colcon.colcon_core.plugin_system:Skipping extension 'colcon_notification.desktop_notification.terminal_notifier': Not used on non-Darwin systems
[0.482s] INFO:colcon.colcon_core.plugin_system:Skipping extension 'colcon_notification.desktop_notification.win32': Not used on non-Windows systems
[0.482s] INFO:colcon.colcon_notification.desktop_notification:Sending desktop notification using 'notify2'
[0.503s] DEBUG:colcon.colcon_core.event_reactor:joined thread
[0.504s] INFO:colcon.colcon_core.shell:Creating prefix script '/home/sogu/Personal/motor_health_monitor/install/local_setup.ps1'
[0.505s] INFO:colcon.colcon_core.shell:Creating prefix util module '/home/sogu/Personal/motor_health_monitor/install/_local_setup_util_ps1.py'
[0.507s] INFO:colcon.colcon_core.shell:Creating prefix chain script '/home/sogu/Personal/motor_health_monitor/install/setup.ps1'
[0.508s] INFO:colcon.colcon_core.shell:Creating prefix script '/home/sogu/Personal/motor_health_monitor/install/local_setup.sh'
[0.508s] INFO:colcon.colcon_core.shell:Creating prefix util module '/home/sogu/Personal/motor_health_monitor/install/_local_setup_util_sh.py'
[0.509s] INFO:colcon.colcon_core.shell:Creating prefix chain script '/home/sogu/Personal/motor_health_monitor/install/setup.sh'
[0.511s] INFO:colcon.colcon_core.shell:Creating prefix script '/home/sogu/Personal/motor_health_monitor/install/local_setup.bash'
[0.511s] INFO:colcon.colcon_core.shell:Creating prefix chain script '/home/sogu/Personal/motor_health_monitor/install/setup.bash'
[0.512s] INFO:colcon.colcon_core.shell:Creating prefix script '/home/sogu/Personal/motor_health_monitor/install/local_setup.zsh'
[0.513s] INFO:colcon.colcon_core.shell:Creating prefix chain script '/home/sogu/Personal/motor_health_monitor/install/setup.zsh'
